// Vitest Snapshot v1

exports[`InputField > renders InputField snapshot 1`] = `
<div>
  <div>
    <label
      class="block text-sm font-medium text-gray-700"
      for="text field"
    >
      text field
       
    </label>
    <div
      class="mt-1"
    >
      <input
        aria-describedby="text field-error"
        autocomplete="off"
        class="w-full rounded border border-gray-500 px-2 py-1 text-lg"
        id="text field"
        name="text field"
        type="text"
      />
    </div>
  </div>
</div>
`;
