// Vitest Snapshot v1

exports[`Navbar > renders Navbar snapshot 1`] = `
<div>
  <nav
    class="border-gray-200 px-2 py-2.5 sm:px-4"
  >
    <div
      class="container mx-auto flex flex-wrap items-center justify-between border-b py-2"
    >
      <div
        class="flex items-center space-x-2"
      >
        <a
          class="flex p-0 text-2xl tracking-tighter text-gray-700 no-underline dark:text-white"
          href="/"
        >
          <span
            class="inline-block font-medium"
          >
            Pokemon Card Checker
          </span>
        </a>
        <a
          class="inline-flex px-4 py-2 rounded justify-center items-center font-medium hover:underline text-gray-700 dark:text-white"
          href="/notes"
        >
          notes
        </a>
        <a
          class="inline-flex px-4 py-2 rounded justify-center items-center font-medium hover:underline text-gray-700 dark:text-white"
          href="/expansions"
        >
          Expansions
        </a>
      </div>
      <div
        class="flex items-center space-x-2"
      >
        <a
          class="inline-flex px-4 py-2 rounded justify-center items-center font-medium hover:underline text-gray-700 dark:text-white"
          href="/join"
        >
          Sign up
        </a>
        <a
          class="inline-flex px-4 py-2 rounded justify-center items-center font-medium hover:underline text-gray-700 dark:text-white"
          href="/login"
        >
          Log In
        </a>
        <button
          class="inline-flex align-middle justify-center rounded-full p-2 text-gray-500 hover:bg-gray-50 border-gray-500 dark:text-gray-500 border !p-[calc(0.5rem-1px)]"
        >
          <svg
            aria-hidden="true"
            class="h-6 w-6 inline-block"
            fill="currentColor"
            viewBox="0 0 24 24"
            xmlns="http://www.w3.org/2000/svg"
          >
            <path
              d="M12 2.25a.75.75 0 01.75.75v2.25a.75.75 0 01-1.5 0V3a.75.75 0 01.75-.75zM7.5 12a4.5 4.5 0 119 0 4.5 4.5 0 01-9 0zM18.894 6.166a.75.75 0 00-1.06-1.06l-1.591 1.59a.75.75 0 101.06 1.061l1.591-1.59zM21.75 12a.75.75 0 01-.75.75h-2.25a.75.75 0 010-1.5H21a.75.75 0 01.75.75zM17.834 18.894a.75.75 0 001.06-1.06l-1.59-1.591a.75.75 0 10-1.061 1.06l1.59 1.591zM12 18a.75.75 0 01.75.75V21a.75.75 0 01-1.5 0v-2.25A.75.75 0 0112 18zM7.758 17.303a.75.75 0 00-1.061-1.06l-1.591 1.59a.75.75 0 001.06 1.061l1.591-1.59zM6 12a.75.75 0 01-.75.75H3a.75.75 0 010-1.5h2.25A.75.75 0 016 12zM6.697 7.757a.75.75 0 001.06-1.06l-1.59-1.591a.75.75 0 00-1.061 1.06l1.59 1.591z"
            />
          </svg>
        </button>
      </div>
    </div>
  </nav>
</div>
`;
